mode: set
learn/test/main.go:5.25,7.22 2 1
learn/test/main.go:10.2,10.14 1 1
learn/test/main.go:7.22,9.3 1 1
learn/test/main.go:13.13,15.2 1 0
